    config_error_test.go:150: expected no error for valid port 8080, got: invalid tenant tenant1: must specify either domains or path_prefix
    config_error_test.go:150: expected no error for valid port 65535, got: invalid tenant tenant1: must specify either domains or path_prefix
--- FAIL: TestConfigInvalidPort (0.00s)
    --- FAIL: TestConfigInvalidPort/valid_port (0.00s)
    --- FAIL: TestConfigInvalidPort/max_valid_port (0.00s)
--- FAIL: TestConfigDuplicateTenants (0.00s)
--- FAIL: TestConfigVeryLargeConfigFile (0.01s)
    health_check_error_test.go:37: expected connection error, got: Get "http://localhost:99999/health": dial tcp: address 99999: invalid port
--- FAIL: TestHealthCheckBackendUnreachable (0.00s)
    health_check_error_test.go:76: expected timeout error, got: Get "http://127.0.0.1:37577/health": context deadline exceeded (Client.Timeout exceeded while awaiting headers)
--- FAIL: TestHealthCheckTimeout (2.00s)
--- FAIL: TestHTTPMalformedRequests (0.00s)
    --- FAIL: TestHTTPMalformedRequests/empty_method (0.00s)
--- FAIL: TestHTTPResponseErrors (0.00s)
    --- FAIL: TestHTTPResponseErrors/500_error_from_backend (0.00s)
    --- FAIL: TestHTTPResponseErrors/404_error_from_backend (0.00s)
    --- FAIL: TestHTTPResponseErrors/timeout_from_backend (0.00s)
    --- FAIL: TestHTTPResponseErrors/empty_response_from_backend (0.00s)
    --- FAIL: TestHTTPResponseErrors/large_response_from_backend (0.00s)
    --- FAIL: TestHTTPResponseErrors/invalid_JSON_from_backend (0.00s)
    --- FAIL: TestHTTPResponseErrors/normal_response_from_backend (0.00s)
--- FAIL: TestHTTPLargeRequestBody (0.00s)
    --- FAIL: TestHTTPLargeRequestBody/empty_body (0.00s)
    --- FAIL: TestHTTPLargeRequestBody/1KB_body (0.00s)
    --- FAIL: TestHTTPLargeRequestBody/1MB_body (0.00s)
    --- FAIL: TestHTTPLargeRequestBody/5MB_body (0.00s)
--- FAIL: TestHTTPHeaderManipulation (0.00s)
    --- FAIL: TestHTTPHeaderManipulation/standard_user_agent (0.00s)
    --- FAIL: TestHTTPHeaderManipulation/custom_and_auth_headers (0.00s)
    --- FAIL: TestHTTPHeaderManipulation/content_type_headers (0.00s)
    --- FAIL: TestHTTPHeaderManipulation/very_long_header (0.00s)
    --- FAIL: TestHTTPHeaderManipulation/header_with_special_characters (0.00s)
--- FAIL: TestHTTPQueryParameterHandling (0.00s)
    --- FAIL: TestHTTPQueryParameterHandling/no_query_parameters (0.00s)
    --- FAIL: TestHTTPQueryParameterHandling/simple_query_parameter (0.00s)
    --- FAIL: TestHTTPQueryParameterHandling/multiple_parameters (0.00s)
    --- FAIL: TestHTTPQueryParameterHandling/empty_parameter_value (0.00s)
    --- FAIL: TestHTTPQueryParameterHandling/URL_encoded_parameter (0.00s)
    --- FAIL: TestHTTPQueryParameterHandling/many_parameters (0.00s)
--- FAIL: TestRouteRegistrationInvalidMethods (0.00s)
    --- FAIL: TestRouteRegistrationInvalidMethods/lowercase_method_(not_supported) (0.00s)
--- FAIL: TestRoutePatternErrors (0.00s)
    --- FAIL: TestRoutePatternErrors/empty_pattern (0.00s)
panic: chi: routing pattern must begin with '/' in '' [recovered]
	panic: chi: routing pattern must begin with '/' in ''
FAIL	keystone-gateway/tests/unit	8.883s
FAIL
